Copyright 1986-2019 Xilinx, Inc. All Rights Reserved.
------------------------------------------------------------------------------------
| Tool Version : Vivado v.2019.2 (lin64) Build 2708876 Wed Nov  6 21:39:14 MST 2019
| Date         : Sun Jun 21 02:48:57 2020
| Host         : tuna running 64-bit Ubuntu 16.04.6 LTS
| Command      : report_utilization -file ./outputs/post_route_utilisation.rpt
| Design       : feeder
| Device       : xczu28drffvg1517-2
| Design State : Routed
------------------------------------------------------------------------------------

Utilization Design Information

Table of Contents
-----------------
1. CLB Logic
1.1 Summary of Registers by Type
2. CLB Logic Distribution
3. BLOCKRAM
4. ARITHMETIC
5. I/O
6. CLOCK
7. ADVANCED
8. CONFIGURATION
9. Primitives
10. Black Boxes
11. Instantiated Netlists

1. CLB Logic
------------

+----------------------------+------+-------+-----------+-------+
|          Site Type         | Used | Fixed | Available | Util% |
+----------------------------+------+-------+-----------+-------+
| CLB LUTs                   | 2107 |     0 |    425280 |  0.50 |
|   LUT as Logic             | 2075 |     0 |    425280 |  0.49 |
|   LUT as Memory            |   32 |     0 |    213600 |  0.01 |
|     LUT as Distributed RAM |    0 |     0 |           |       |
|     LUT as Shift Register  |   32 |     0 |           |       |
| CLB Registers              |  373 |     0 |    850560 |  0.04 |
|   Register as Flip Flop    |  373 |     0 |    850560 |  0.04 |
|   Register as Latch        |    0 |     0 |    850560 |  0.00 |
| CARRY8                     |  152 |     0 |     53160 |  0.29 |
| F7 Muxes                   |   11 |     0 |    212640 | <0.01 |
| F8 Muxes                   |    0 |     0 |    106320 |  0.00 |
| F9 Muxes                   |    0 |     0 |     53160 |  0.00 |
+----------------------------+------+-------+-----------+-------+


1.1 Summary of Registers by Type
--------------------------------

+-------+--------------+-------------+--------------+
| Total | Clock Enable | Synchronous | Asynchronous |
+-------+--------------+-------------+--------------+
| 0     |            _ |           - |            - |
| 0     |            _ |           - |          Set |
| 0     |            _ |           - |        Reset |
| 0     |            _ |         Set |            - |
| 0     |            _ |       Reset |            - |
| 0     |          Yes |           - |            - |
| 0     |          Yes |           - |          Set |
| 0     |          Yes |           - |        Reset |
| 1     |          Yes |         Set |            - |
| 372   |          Yes |       Reset |            - |
+-------+--------------+-------------+--------------+


2. CLB Logic Distribution
-------------------------

+--------------------------------------------+------+-------+-----------+-------+
|                  Site Type                 | Used | Fixed | Available | Util% |
+--------------------------------------------+------+-------+-----------+-------+
| CLB                                        |  353 |     0 |     53160 |  0.66 |
|   CLBL                                     |  174 |     0 |           |       |
|   CLBM                                     |  179 |     0 |           |       |
| LUT as Logic                               | 2075 |     0 |    425280 |  0.49 |
|   using O5 output only                     |   25 |       |           |       |
|   using O6 output only                     | 1711 |       |           |       |
|   using O5 and O6                          |  339 |       |           |       |
| LUT as Memory                              |   32 |     0 |    213600 |  0.01 |
|   LUT as Distributed RAM                   |    0 |     0 |           |       |
|   LUT as Shift Register                    |   32 |     0 |           |       |
|     using O5 output only                   |    0 |       |           |       |
|     using O6 output only                   |   32 |       |           |       |
|     using O5 and O6                        |    0 |       |           |       |
| CLB Registers                              |  373 |     0 |    850560 |  0.04 |
|   Register driven from within the CLB      |  294 |       |           |       |
|   Register driven from outside the CLB     |   79 |       |           |       |
|     LUT in front of the register is unused |   76 |       |           |       |
|     LUT in front of the register is used   |    3 |       |           |       |
| Unique Control Sets                        |    5 |       |    106320 | <0.01 |
+--------------------------------------------+------+-------+-----------+-------+
* Note: Available Control Sets calculated as CLB Registers / 8, Review the Control Sets Report for more information regarding control sets.


3. BLOCKRAM
-----------

+-------------------+------+-------+-----------+-------+
|     Site Type     | Used | Fixed | Available | Util% |
+-------------------+------+-------+-----------+-------+
| Block RAM Tile    |    2 |     0 |      1080 |  0.19 |
|   RAMB36/FIFO*    |    2 |     0 |      1080 |  0.19 |
|     RAMB36E2 only |    2 |       |           |       |
|   RAMB18          |    0 |     0 |      2160 |  0.00 |
| URAM              |    0 |     0 |        80 |  0.00 |
+-------------------+------+-------+-----------+-------+
* Note: Each Block RAM Tile only has one FIFO logic available and therefore can accommodate only one FIFO36E2 or one FIFO18E2. However, if a FIFO18E2 occupies a Block RAM Tile, that tile can still accommodate a RAMB18E2


4. ARITHMETIC
-------------

+----------------+------+-------+-----------+-------+
|    Site Type   | Used | Fixed | Available | Util% |
+----------------+------+-------+-----------+-------+
| DSPs           |    5 |     0 |      4272 |  0.12 |
|   DSP48E2 only |    5 |       |           |       |
+----------------+------+-------+-----------+-------+


5. I/O
------

+------------------+------+-------+-----------+--------+
|     Site Type    | Used | Fixed | Available |  Util% |
+------------------+------+-------+-----------+--------+
| Bonded IOB       |  282 |     0 |       347 |  81.27 |
| HPIOB_M          |  111 |     0 |       138 |  80.43 |
|   INPUT          |   43 |       |           |        |
|   OUTPUT         |   68 |       |           |        |
|   BIDIR          |    0 |       |           |        |
| HPIOB_S          |  110 |     0 |       138 |  79.71 |
|   INPUT          |   43 |       |           |        |
|   OUTPUT         |   67 |       |           |        |
|   BIDIR          |    0 |       |           |        |
| HDIOB_M          |   24 |     0 |        24 | 100.00 |
|   INPUT          |   10 |       |           |        |
|   OUTPUT         |   14 |       |           |        |
|   BIDIR          |    0 |       |           |        |
| HDIOB_S          |   24 |     0 |        24 | 100.00 |
|   INPUT          |   10 |       |           |        |
|   OUTPUT         |   14 |       |           |        |
|   BIDIR          |    0 |       |           |        |
| HPIOB_SNGL       |   13 |     0 |        23 |  56.52 |
|   INPUT          |    4 |       |           |        |
|   OUTPUT         |    9 |       |           |        |
|   BIDIR          |    0 |       |           |        |
| HPIOBDIFFINBUF   |    0 |     0 |       192 |   0.00 |
| HPIOBDIFFOUTBUF  |    0 |     0 |       192 |   0.00 |
| HDIOBDIFFINBUF   |    0 |     0 |        72 |   0.00 |
| BITSLICE_CONTROL |    0 |     0 |        64 |   0.00 |
| BITSLICE_RX_TX   |    0 |     0 |       416 |   0.00 |
| BITSLICE_TX      |    0 |     0 |        64 |   0.00 |
| RIU_OR           |    0 |     0 |        32 |   0.00 |
+------------------+------+-------+-----------+--------+


6. CLOCK
--------

+----------------------+------+-------+-----------+-------+
|       Site Type      | Used | Fixed | Available | Util% |
+----------------------+------+-------+-----------+-------+
| GLOBAL CLOCK BUFFERs |    1 |     0 |       696 |  0.14 |
|   BUFGCE             |    1 |     0 |       216 |  0.46 |
|   BUFGCE_DIV         |    0 |     0 |        32 |  0.00 |
|   BUFG_GT            |    0 |     0 |       312 |  0.00 |
|   BUFG_PS            |    0 |     0 |        72 |  0.00 |
|   BUFGCTRL*          |    0 |     0 |        64 |  0.00 |
| PLL                  |    0 |     0 |        16 |  0.00 |
| MMCM                 |    0 |     0 |         8 |  0.00 |
+----------------------+------+-------+-----------+-------+
* Note: Each used BUFGCTRL counts as two GLOBAL CLOCK BUFFERs. This table does not include global clocking resources, only buffer cell usage. See the Clock Utilization Report (report_clock_utilization) for detailed accounting of global clocking resource availability.


7. ADVANCED
-----------

+-----------------+------+-------+-----------+-------+
|    Site Type    | Used | Fixed | Available | Util% |
+-----------------+------+-------+-----------+-------+
| CMACE4          |    0 |     0 |         2 |  0.00 |
| FE              |    0 |     0 |         8 |  0.00 |
| GTYE4_CHANNEL   |    0 |     0 |        16 |  0.00 |
| GTYE4_COMMON    |    0 |     0 |         4 |  0.00 |
| HSADC           |    0 |     0 |         4 |  0.00 |
| HSDAC           |    0 |     0 |         4 |  0.00 |
| ILKNE4          |    0 |     0 |         1 |  0.00 |
| OBUFDS_GTE4     |    0 |     0 |         8 |  0.00 |
| OBUFDS_GTE4_ADV |    0 |     0 |         8 |  0.00 |
| PCIE40E4        |    0 |     0 |         2 |  0.00 |
| PS8             |    0 |     0 |         1 |  0.00 |
| SYSMONE4        |    0 |     0 |         1 |  0.00 |
+-----------------+------+-------+-----------+-------+


8. CONFIGURATION
----------------

+-------------+------+-------+-----------+-------+
|  Site Type  | Used | Fixed | Available | Util% |
+-------------+------+-------+-----------+-------+
| BSCANE2     |    0 |     0 |         4 |  0.00 |
| DNA_PORTE2  |    0 |     0 |         1 |  0.00 |
| EFUSE_USR   |    0 |     0 |         1 |  0.00 |
| FRAME_ECCE4 |    0 |     0 |         1 |  0.00 |
| ICAPE3      |    0 |     0 |         2 |  0.00 |
| MASTER_JTAG |    0 |     0 |         1 |  0.00 |
| STARTUPE3   |    0 |     0 |         1 |  0.00 |
+-------------+------+-------+-----------+-------+


9. Primitives
-------------

+----------+------+---------------------+
| Ref Name | Used | Functional Category |
+----------+------+---------------------+
| LUT6     |  720 |                 CLB |
| LUT3     |  446 |                 CLB |
| LUT2     |  437 |                 CLB |
| LUT5     |  389 |                 CLB |
| FDRE     |  372 |            Register |
| LUT4     |  308 |                 CLB |
| OBUF     |  172 |                 I/O |
| CARRY8   |  152 |                 CLB |
| LUT1     |  114 |                 CLB |
| INBUF    |  110 |                 I/O |
| IBUFCTRL |  110 |              Others |
| SRL16E   |   32 |                 CLB |
| MUXF7    |   11 |                 CLB |
| DSP48E2  |    5 |          Arithmetic |
| RAMB36E2 |    2 |           Block Ram |
| FDSE     |    1 |            Register |
| BUFGCE   |    1 |               Clock |
+----------+------+---------------------+


10. Black Boxes
---------------

+----------+------+
| Ref Name | Used |
+----------+------+


11. Instantiated Netlists
-------------------------

+----------+------+
| Ref Name | Used |
+----------+------+


